// Jest Snapshot v1, https://goo.gl/fbAQLP

exports[`integration:components/global/form/form-sections/professional-summary snapshot 1`] = `
<div>
  <div
    class="rounded-lg border bg-card text-card-foreground shadow-sm"
    data-card-type="PROFESSIONAL_SUMMARY"
    data-testid="form-sections__professional-summary"
  >
    <input
      class="flex h-10 w-full rounded-md border border-input bg-background px-3 py-2 text-sm ring-offset-background file:border-0 file:bg-transparent file:text-sm file:font-medium placeholder:text-muted-foreground focus-visible:outline-none focus-visible:ring-2 focus-visible:ring-ring focus-visible:ring-offset-2 disabled:cursor-not-allowed disabled:opacity-50"
      data-testid="hidden-input__container"
      hidden=""
      type="hidden"
      value="PROFESSIONAL_SUMMARY"
    />
    <div
      class="space-y-1.5 p-6 text-brand-neutral-11 flex flex-row flex-wrap w-full justify-between"
    >
      <h3
        class="text-2xl font-semibold leading-none tracking-tight"
      >
        <div
          data-testid="text-input__container"
        >
          <input
            class="flex h-10 w-full rounded-md border border-input bg-background px-3 ring-offset-background file:border-0 file:bg-transparent file:text-sm file:font-medium placeholder:text-muted-foreground focus-visible:outline-none focus-visible:ring-2 focus-visible:ring-ring focus-visible:ring-offset-2 disabled:cursor-not-allowed disabled:opacity-50 my-3 text-xl md:text-2xl py-6"
            placeholder="Section title"
          />
        </div>
      </h3>
      <button
        class="ml-auto"
        data-testid="form-sections__delete-icon"
        type="button"
      >
        <svg
          class="lucide lucide-trash2 "
          fill="none"
          height="24"
          stroke="currentColor"
          stroke-linecap="round"
          stroke-linejoin="round"
          stroke-width="2"
          viewBox="0 0 24 24"
          width="24"
          xmlns="http://www.w3.org/2000/svg"
        >
          <path
            d="M3 6h18"
          />
          <path
            d="M19 6v14c0 1-1 2-2 2H7c-1 0-2-1-2-2V6"
          />
          <path
            d="M8 6V4c0-1 1-2 2-2h4c1 0 2 1 2 2v2"
          />
          <line
            x1="10"
            x2="10"
            y1="11"
            y2="17"
          />
          <line
            x1="14"
            x2="14"
            y1="11"
            y2="17"
          />
        </svg>
      </button>
    </div>
    <div
      class="p-6 pt-0 flex flex-wrap w-full gap-5"
    >
      <div
        class="w-full"
        data-testid="text-input__container"
      >
        <textarea
          class="flex min-h-[80px] w-full rounded-md border border-input bg-background px-3 py-2 text-sm ring-offset-background placeholder:text-muted-foreground focus-visible:outline-none focus-visible:ring-2 focus-visible:ring-ring focus-visible:ring-offset-2 disabled:cursor-not-allowed disabled:opacity-50 my-3"
          placeholder="Galactic Theorist with decades of experience, specializing in unraveling the fabric of the cosmos and visiting islands. Proficient in quantum mechanics, general relativity, and little people. Experienced in solving complex quadratic equations."
        />
      </div>
    </div>
  </div>
</div>
`;
